// Jest Snapshot v1, https://goo.gl/fbAQLP

exports[`@WeatherForecast 1`] = `
<div>
  <h1
    style="color: red;"
  />
</div>
`;
